训练结果: {'success': False, 'error': 'Insufficient data for training'}
